aachen
aagaard
aakamp
aakjaer
abeck
abel
aberer
abeßer
abesser
abrahamsen
accácio
accàcio
achebach
achenbach
acheson
achtnick
acker
ackermann
ackolt
acosta
adam
adamek
adami
adams
addison
addor
adelmannsfelden
adelshausen
aden
adenau
adler
adolf
adomat
adrian
aegerter
aemmer
aepker
aepkers
affting
agathen
agethen
agnesen
agosthinho
agricola
ahlborn
ahle
ahlers
ahlert
ahles
ahlsmeyer
ahonen
ahrenkiel
ahrens
ahrndt
ahrweiler
aich
aichelberg
aichheim
aigle
akamp
aktinson
alaburda
albach
albers
albert
albertin
albonde
albrecht
alencar
alfermann
alge
allmann
allroggen
almeida
almerswind
alpers
alpmann
alt
altdorf
altefrohne
altena
altenrichter
altheuserin
altmaier
altmann
altmeyer
altrock
alves
amann
amberg
ambs
amend
ameziane
amft
ammensleben
ammon
amthor
amtmeyer
anacker
andag
andechs
andechs1
andeck
andermatt
anders
andersen
anderson
anderst
andjelic
andler
andrã©
andreas
andreasen
andree
andres
andrzejewski
angeloch
angouleme
anhalt
anjou
ankersen
anlauf
annan
ans
ansari
antfenger
antiochien
apeln
apelt
appel
appl
aragon
arand
arberg
arcy
ardres
are
aren
arens
arkel
arkenau
arkenstein
arlay
arlinghaus
arlon
armolik
armster
arndt
arnold
arnoltss
arnsberg
arnstein
artois
arving
asch
aschersleben
aschmann
asmussen
asseler
assis
aßmann
assmann
ast
asta
asten
asteroth
astherodt
athmann
aue
auer
auffuhrt
augustin
auler
aulrich
austenfeld
austermeyer
auxonne
averdoing
awis
ax
axen
aylor
ba
baadermann
baatz
bab
babenberg
babik
babst
bach
bachem
bachmann
bachmayr
bachs
bachtop
back
bäckerer
backes
backhaus
bad
baden
baden1
bader
badermann
baedelt
baensch
baer
baerner
baetjers
baggesen
baginsky
bahl
bahlmann
bahns
bahr
bähr
bahrbrock
bahrbrok
baier
bailey
baillen
bailleu
baimers
balcke
balckenholl
baldus
bales
balke
balkenhol
ball
ballenstedt
baller
bals
balsfurtland
baltes
baltzer
balzer
bangard
bange
banik
bansemer
banz
bar
bär
barban
barbara
barbaras
barbosa
barbrock
barcelona
bareth
barfuß
bargen
barkhausen
barkmann
barkowski
barlhäußer
barlow
bärmann
baronne
barre
barroso
barry
bartel
bartels
bartelt
barth
barthle
bartkowski
bartolomäus
bartor
bartsch
bärtsch
bartscherer
bartunek
bartz
bärwald
barz
bascom
bassenheim
bassompierre
basten
bastl
bästlein
bastogne
bates
bathen
bathke
batre
bauer
bauermann
baugency
baukmann
baumann
baumbach
baumeister
baumhöfer
baumholz
baumhöver
baun
bautor
bauw
bawarus
baxpähler
bayer
bayern
bec
bechtel
bechtoldsheim
bechtolsheim
beck
becke
becker
beckerman
beckermann
beckers
beckh
beckmann
becu
beecher
beekmann
beenken
beer
beerentrup
beester
begger
behlert
behm
behne
behnke
behnken
behrends
behrens
beichlingen
beier
beiersdorf
beikmann
beil
beilieu
beilwitz
beine
beinen
beinens
beinlich
beisenbrink
beka
belert
bellen
bellgardt
bellinghausen
bellmann
beloch
beltz
belzen
bemvinuti
benckert
bendels
bender
bendermacher
bendfeldt
benecken
beneda
benedictine
beninga
benkelen
benken
benne
bennemann
benner
benoit
benroth
bensiek
benteler
bentelers
bentfeld
bentheim
bentler
bentrup
bentzel
bentzen
benvenuti
benz
berbuesse
berchem
berchtold
berck
berckmann
berding
bereldingen
berend
berends
berens
berensmeyer
berent
berentrup
beretta
berg
berge
bergemann
berger
bergerhausen
berges
bergfeld
berghaus
bergmann
berhorst
beringmeier
beringmeyer
berkemeier
berkemeyer
berkenhege
berkensmit
berkensmit
berkensmitt
berklinger
berkmann
berlin
bermbach
bern
bernard
berner
bernhard
bernhardt
bernhausen
bernhörster
bernleitner
bernot
bernterode
berops
berrigs
berrisch
bersch
berta
bertelsen
berthold
bertholdt
bertling
bertog
bertram
bertsch
beschorner
besemann
bessen
bessenroth
besten
bethmann
bethwell
bettac
bettemburg
bettendorf
betting
bettingen
betz
betzgen
betzwieser
beuchelt
beuenen
beuerlein
beukenbusch
beukmann
bevier
bextemueller
bextemüller
bexten
beyer
beywinkel
bibas
bice
bichishausen
bichler
bickel
bickenbach
bickers
bickmann
bickmeyer
bideau
bieber
biedebach
biederlack
biedermann
biehlich
bielefeld
bielemeyer
bielenberg
bielfeld
bieling
bielitzer
bielke
bier
bierkamp
biermann
biermeier
bierwirth
biesen
bietingen
bihde
bildhauer
bilharz
bill
bille
billerbeck
billing
binckhof
binius
binsfeld
binzwangen
bir
birgersdotter
birgerson
birke
bischof
bischoff
bissendorp
bitburg
bitsch
bitsche
bitter
bittner
bizier
björnsdatter
björnson
black
blair
blamont
blan
blanbois
blanck
blandau
blank
blankenburg
blankenheim
blankmann
blaschke
bläsing
blass
blassumb
blasum
blaufuß
bleau
blecher
blegvad
bleile
blenck
blessmann
blichfeld
blick
bliesgau
blieskastel
blinde
blinsen
bloche
block
blocquiel
bloecker
bloedorn
blois
blok
blömer
blondins
blondo
bloy
bludau
blum
blume
blümel
böcher
bochwitz
bock
bocke
bockel
böckelmann
bockermann
bockholt
bockhorst
böckmann
bocks
boda
böddeker
bodden
bödding
bode
bödefeld
bodenbender
bodenheim
bodt
böe
boege
boehling
boehm
boehnker
boelken
boesch
boesmiller
boff
boge
boger
bögvad
bohl
bohla
bohle
bohlender
böhler
böhling
bohlmann
böhm
böhmen
böhmen1
böhmen2
böhmer
bohnen
bohnenstengel
böhner
böhringer
bois
boitelet
bojer
bojes
bojschou
bok
bokel
bokelmann
bokern
bokholt
bökmann
bokop
bolanden
bölck
bolder
boldt
boleitt
bolharz
bolinck
boling
böllken
bollmann
bolms
bolt
bolte
bolzenius
bomeier
bomeyer
bommersheim
bonacker
bönder
bonenfant
bongard
bongen
bonifacius
bönisch
bonkamp
bonke
bonn
bonngau
bonsen
bonstrup
bonte
boos
boost
boppard
borbe
borchers
borchmeier
bördel
bordelius
börding
bordukat
borg
borgerding
börgerding
borges
borggreffe
borgmann
borgward
boriess
bormann
born
bornemeyer
börner
bornhorst
borstelmann
börsting
borth
borufka
borz
bösch
böse
bosen
bösewetter
bosnien
bosselmann
bösser
bothde
bothe
bothen
bothenstein
bott
bottenhorn
böttger
bottur
bouchon
bouffey
boughton
boulogne
bourbon
bourbourg
bourdon
bourmann
bouschen
bove
bowe
bowerink
bowers
boxberger
boy
boye
boyer
boyle
braae
braasch
braatz
brabant
bracht
brachthauser
brachthäuser
brachtheuser
brachting
bracke
bräcker
brackmüller
brade
brady
bramlage
bramley
brand
brandenburg
brandenburger
brandler
brandmayer
brandt
brantscheid
bräse
bratsch
brauer
braun
braungart
braunin
brauns
braunschweig
brautmeier
brauweiler
brecker
bredemeyer
bredenol
breder
bredow
brefka
bregenz
bregulla
brehmer
brehna
breid
breidenbach
breidenstein
breitenfelder
breithaupt
bremer
brendel
brendler
breneman
brennan
brennemann
bres
bresler
bretagne
bretschneider
breuberg
breuer
breuss
breving
brewer
breydemeyer
brickwedde
brickwede
bricot
brie
briehl
brien
brienne
brill
brinck
brinckmann
brink
brinkfranz
brinkmann
brinkmeier
brinsleben
britz
britzen
britzmann
brix
brock
brockdorff
bröckelmann
brockhof
brockhoff
brockjohan
brockjohs
bröckling
brockman
brockmann
brockmeier
brockmeyer
bröckmeyer
brockwehl
broda
brodhun
brodmann
broelmann
broer
brögber
brohl
broickord
brok
brokaw
brokmeyer
brommbach
bron
bronicki
brooks
brosa
broska
bröster
brown
broyes
bruch
bruchelt
bruck
brück
brücken
bruder
brueck
brueske
brugge
brüggemann
bruhn
bruhne
brüllmann
brunckhorst
brunermann
brunhorn
bruning
brüning
brunkhorst
brunn
brunner
brünner
brunners
brunnert
brunngräber
brünninck
bruns
brunsch
brüsch
bruschke
bruse
brüssow
bry
bryan
buch
buchbauer
büchel
buchenheim
bucher
büchers
buchholt
buchholz
buchli
büchner
buck
buckel
bücking
bucks
buckwessel
buckweßels
bucsky
büd
budde
buddendorff
budebender
budelmann
budenbender
buderath
buderian
buderin
büdner
budnowski
bueltel
buerdick
buerke
bues
buhl
bühner
buhr
bühre
buhs
buising
büker
buller
bullerbeck
bullerbecke
bullmann
bültel
bündgen
bünger
bungert
büning
bunke
bunkelmann
bunken
bunsen
bunte
buntrock
bunzel
burbach
burbes
burchardt
burck
burckhard
burdack
burdorf
burgart
burger
bürger
burgerth
burghardt
burghart
burgund
burkard
burkel
bürkel
burkholder
burkle
burmeister
burns
bursilbach
bursmeyer
burvenich
bürvenich
burwick
busch
büschelmann
buschmann
buschmeier
buschs
buse
busefinke
busman
busmann
busse
büssemeier
bussmann
bußmannshausen
bussu
büter
büth
butler
buttenbend
buttlar
büttner
buttonboehmer
butz
büxten
buzegnies
byrne
byzanz
c
cal
caldwell
call
callesen
calvelage
calw
cämmer
cammermeyer
campe
canisius
cantelberg
capeletti
carabias
carels
carges
carl
carlsen
carlson
carnick
carnike
carninck
carninecken
caroli
carruthers
carstens
carter
carvell
casey
cashin
caspar
caspars
caspary
caspelherr
caspers
castell
castenholz
castens
castilla
castle
castris
cattiaux
caub
cavens
cecilio
censes
centa
ceynowa
chalon
chalons
chaly
cham
chame
champagne
chapman
chappell
charlet
charpenterie
charpentier
château
chateauvoué
chatillon
cheema
chillot
chimino
chiny
chladek
chorus
christ
christel
christensen
christians
christina
christine
christl
christmann
christoffers
christoph
christophersen
chuenring
cibis
cilli
citron
claaßen
claassen
claes
claesing
claeßen
claholt
claire
clamann
clark
clarner
clas
clasmann
classen
claus
clausen
clauses
clear
clemann
clemler
cleve
clonebough
cloneough
clos
close
closen
closens
closterman
clostermann
clough
cnally
cochois
coels
coerd
coers
colbe
colberg
collas
collier
collin
colling
cols
colsmann
comitti
condith
connel
connor
connotte
conrad
conradi
constantin
conte
contz
contzen
copmann
coqui
cordes
cordings
cordt
cornan
corneille
correa
cortes
cos
costa
cothen
coucy
coulon
cour
courtenay
courtois
cövers
craincourt
cramer
crassbatter
crassbotter
cremer
crenzien
creton
creutz
creutzburg
creutzman
crittel
croiseaux
crolage
cronberg
cronen
cronenberg
crüftel
cruise
cruse
crüsmann
crützfeld
crys
csiacsek
currie
curth
czerny
czwirtschke
da
daalmann
dabrok
dächer
dagsburg
dahms
dalal
dallmann
dalsgaard
dam
damerows
damm
dammer
dampierre
danckelmann
dänemark1
danneberg
dannowski
dantzer
danzig
dartmann
dartsch
dattolico
dattwitz
dau
daufenbach
daugendorf
daun
daus
david
davis
day
de
dean
debbarn
debber
debus
decker
deckesbach
dede
dedike
defel
defrenne
dege
degett
dehning
deimel
deipenbrock
deipenwischer
deißler
deissner
deitermann
deithrich
delaney
delbrüggen
delicken
deller
delong
delperdang
delsen
demasi
demo
depken
deppe
deppen
dering
derks
des
desjardins
desombres
despierre
detampel
detber
detemple
deters
detlefs
detmer
detmold
detzler
deutsch
devantier
dewald
dexbach
deywinkel
dhaun
dias
dibbern
dibisch
dick
diebel
dieckhoff
dieckman
dieckmann
diefenbach
diekhoff
diekmann
diel
diepholz
dier
dierks
diersberg
dies
diessen
dieterle
diether
dietlein
dietrich
dietschy
dietz
dietze
dievelich
diez
dil
dillingen
dimbter
dingel
dirck
diring
diringer
dirken
dirks
dirrdy
dischingen
disselhoff
dithmarschen
dittbrenner
dittmann
dittmar
dittmer
dittrich
ditzler
diver
divers
dmochowski
dobbe
dobbelstein
dobbermann
dobner
dobosch
dödtmann
doering
doerr
doerrenbaecher
doerrenbecher
dohle
dohm
dohnalek
dohnt
dohr
döhring
dohrmann
döldissen
döll
dollase
dolle
dölling
dombrowski
dominise
domitz
domsch
donadon
donald
donaldson
donath
donathin
donges
donnel
donnersberger
donohue
döpel
dopke
dordei
dorenkamp
döringsfeld
dorn
dörner
dornkamp
dörnte
dörpers
dorscheid
dos
döse
dosnataj
doyle
dr
drachenfels
dräger
dransfeld
draugelat
drechsel
dreckmeiers
drefsen
dreger
dresing
dressel
dressler
dreux
dreves
drewing
drexel
dreyer
drigalla
drößmar
droste
drouaine
drücker
druecke
drüen
drüke
drüssler
drygalla
du
dubberke
dubers
ducarme
dudler
duehr
duepre
dueringer
duerr
dúfour
duft
duhme
dülmen
dultmeyer
dumas
dummann
dumpke
duncan
duncken
dune
dunkel
dunkelmann
dünkelmeier
dünnebier
dupont
dupré
dur
dür
durboy
durdy
dürn
dürrefeld
dürrfeld
durst
dürwiß
dusse
düsterbeck
duthmann
düvel
duxa
dwornikowitsch
dyckmans
dyhr
dykstra
dyszack
eastman
ebbecke
ebbeken
ebbers
eben
ebenbeck
eberhagen
eberhardt
eberlein
eberling
ebermann
ebers
eberstein
ebert
echsner
echternach
ecker
eckert
eckhardt
eckhorst
eddeler
edel
edelbrock
edelmann
edinger
edler
edwards
edzardi
eevers
efers
effenberger
egbers
ege
egelstal
eger
egewarth
eggeling
eggermont
eggers
eggert
egisheim
egmond
egmont
ehingen
ehlers
ehlert
ehmcken
ehmer
ehntholt
ehrenberg
ehrhorn
ehrich
ehricke
ehrig
ehrlich
eich
eichelberger
eichenseder
eichs
eickmeier
eiden
eiff
eifler
eike
eikmeier
eilering
eilermann
eilfspeck
eiligmann
eiling
ein
einenberg
einloff
einolf
einramhof
eise
eisel
eisele
eisenberg
eisenburger
eisenhausen
eisenträger
eisermann
eistrup
eitel
eitelwein
eitemanns
ekel
elbjörn
elend
elers
elfers
elfspeck
elinck
elisabeth
ellentz
eller
ellerbrock
ellertmann
elli
ellies
elling
elner
elsaß
elsner
elssner
elter
eltz
elwenspick
elwenspoeck
elwenspoek
emde
emmerich
emmerling
end
endres
endterlin
enfans
enfants
engaß
engbers
engel
engelberts
engelbracht
engelmann
engels
engelsdorf
engelsking
engers
engler
englich
enna
enschringen
entzel
eppelsheim
eppenstein
erb
erbach
erben
erbslöh
erdmann
erdtmann
eriksdatter
erkenbrecher
erle
erne
ernesti
ernst
ernsting
erpf
erpfingen
ertles
ertzig
erzig
esbernsdatter
eschenhorn
eschment
esclories
esdar
esmarch
espelage
espingnol
espino
essendorf
esser
eßler
estdahl
estet
estocq
euden
eugen
eulenspiegel
eutingertal
evangelista
evans
evering
everling
evers
eversen
everstein
evreux
ewald
ewerling
ewers
ewert
exner
eyb
eyden
eyf
eyff
eylers
eylfspeich
eymann
eymer
eyring
eysenbach
eysenträger
faber
fabri
fach
fachinger
fachtrup
fahey
fahn
fahrmaier
fahrmeier
fair
fajfarskich
falke
falkenberg
falkenstein
falter
fangmann
färber
farr
farran
farsch
fasquel
fassbender
faulhaber
faupel
faust
fay
fechner
feddersen
feger
fehring
feis
feld
feldhaus
feldheim
feldhohn
feldkamp
feldmann
felgen
felix
fellbaum
felldorf
fellenberg
feller
fellmann
fels
fenbert
fenster
fenzlaff
fenzlein
ferreira
fette
feuerstein
feurstein
fevre
fiaux
fichter
fick
ficke
ficker
fickes
fiedler
fiege
fieker
fielz
fienen
fievez
figgemeier
figueiredo
filipp
fincken
finger
fink
finke
finkler
finster
finsterwalder
fintel
fischbach
fischenich
fischer
fischers
fischl
fisher
fister
fitschen
fitz
fitzner
flach
flake
flamm
flandern
flaskamp
flatau
flechtner
fleck
fleckenstein
flehmers
fleischfreter
fleischhauer
fleischmann
fleitmann
flersheim
flizing
flohr
flonheim
florian
flöttmann
flühs
flüttejürgen
flüttotto
foben
focke
focken
föckler
focks
foecke
föge
fogelsanger
fohts
föhtsmeyer
fokken
fokkens
folger
folkerts
folkeson
folland
fonck
forberg
ford
forde
forel
forhans
forkenbeck
formbach
forster
förster
fortmann
fortner
foucaut
fouquet
fourment
fox
foxen
fraaß
fraiji
francau
francesco
francke
frank
franke
fränkel
franken
frankreich
franner
frantz
frantze
franz
franziska
franziskaner
franzius
franzke
franzlübbers
franzpötter
frau
fraune
fraunen
frcarlson
fredell
frederichs
freeburg
freesmeyer
frei
freiberg
freiboth
freiburg
freienwalde
freiherr
freings
freise
freisen
freismissen
freistorff
freitag
freithoff
frels
frene
frerigs
frerix
frers
freund
frevel
frey
freyberg
freyberger
freyenwalde
freyhues
freysen
freytag
friaul
fricke
friede
friedrich
frieling
frielinghausen
friemel
friend
fries
friese
friesecke
frieseman
friesland
frieße
frikken
frilling
frings
frisch
frischkorn
frisse
fritz
fritzen
froburg
fröhlich
froitzheim
fromentel
fromme
frömmel
froning
frontenhausen
frosch
fründt
frydlund
fuchs
fucke
fudge
fuenfstetten
fuerstenberg
fuerstenstein
fuhlendorf
fuhlmann
fuhr
fuhrmeister
fuhs
fulhorst
fuller
funck
funcke
funke
furbach
furchert
furlmeyer
fürst
fürstenberg
furthmann
fuß
fust
futterlieb
fuwell
gäbel
gaber
gable
gabrecht
gabriel
gabrys
gächter
gadau
gadimt
gaeren
gaertringen
gahres
gaiser
galizien
gallagher
gallas
galle
galluversuch
gambel
gammertingen
gand
gansselmann
ganster
garber
garbers
gardemeister
garfood
garmer
garot
gärtner
gasperling
gaß
gaßelt
gau
gaubatz
gaudet
gauthier
gebauer
gebers
gebetsberger
gebhard
gebhardt
gebien
geburzky
geerds
gees
geesmeyer
gefers
geffken
gegers
gehle
gehrs
geib
geider
geier
geiger
geisler
geispitzheim
geiss
geißert
geißler
geissler
geldern
gelick
gellecum
geller
gelze
gemmern
genf
genoch
genser
gent
geörg
george
geppert
gerbers
gerbig
gerdes
gerecke
gerhard
gericke
gerken
gerlach
gerling
gerres
gersdorff
gerthner
gerung
gerwig
gerwin
gerwing
gesche
geser
geßner
gessner
getzie
geußler
geuther
gevers
gewald
gewels
geyer
geyern
gheldere
ghysels
giani
gibeler
gickeler
giebelstadt
giedcke
giehl
gier
gierdorf
gierlich
gierlichs
giesen
gieshoidt
giesinger
gilbert
gilbricht
gilching
gillert
gillett
gilliland
gingrass
glaadt
gladitz
glahe
glandorf
glaser
glaßner
glätzer
glaubitz
glawon
gleiberg
gleichen
glenewinkel
glet
glockzin
gloden
glog
glumra
gneisenau
gobber
göbel
göbell
gocke
gocken
göcking
gödde
göddener
göddeners
goebel
goeddert
goenner
goerdt
goerke
goetsch
goettert
gogol
gogolin
gohla
gohlke
göken
golden
goldhagen
goldmann
göldner
golisch
goltmeißel
gomaringen
gombert
gonschorek
gooßen
görder
gordon
görgel
görgen
görlich
gorniak
gortier
görz
göt
göthin
götter
gotthardt
göttke
gottschling
gottwald
götz
goubare
gourdin
grabach
grabars
grabe
grabher
grabmann
grace
graefen
graeger
graes
graeser
graf
graff
grage
graisbach
gramann
gramel
grams
gramsdorff
grand
grath
graul
graupner
graus
grautmann
grave
graven
graw
gray
grebe
greck
greene
greenisen
greenway
greetsiel
grefe
greger
gregio
gregorius
gregory
greiffenclau
greil
greiner
grell
grenda
grenell
grens
greulich
greve
greven
grewe
grief
grieger
gries
griesbaum
griese
griffhorn
grimberg
grimm
grimmeke
gringstis
groen
groeneveld
grögler
groher
grollmann
grolp
gronemeier
gronover
groothusen
gropp
gros
groß
gross
große
grosser
großgebauer
großheim
großkugel
großmann
grossmann
grote
groth
grothaus
grothe
grothues
grothus
grötzner
groz
grub
grube
grubner
gruen
gruenewald
grüger
grun
grün
grund
gründel
grundmann
grundmeier
grundner
grundt
grünhagen
grunth
grünwald
grunwaldt
grutzke
grützmacher
gudd
guddat
gudde
guddeck
gude
gudt
gueffroy
gueldner
guemmler
guenter
guessenberg
guessenstein
guhl
guiard
guines
guiskard
gülpen
gumbel
gumpel
gundlach
guntermann
günther
güntzel
gurisch
gürke
gurrero
güs
gutsch
gutscher
gutsmann
gutte
guttenberg
gwehenberger
gwinn
gyllenband
gymnich
h
haak
haanen
haardt
haas
haase
habben
habekost
haben
habermann
haberstroh
haberstrom
habisreutinger
habsburg
hach
hachmann
hackenberg
hacker
hackert
hackmann
had
hadamar
haenseling
haensling
haeupter
hafen
haferkorn
hafermalz
hafke
hagebusch
hagedorn
hagelstein
hagemann
hagemeier
hagemeister
hagen
hagenkötter
hahn
haikes
haim
hainbach
haindl
haining
hakonsdatter
halbfaß
haldensleben
halder
halicz
hall
hallenberger
hallermund
hallerstein
hallmann
hallmig
halloran
halmann
halmes
halsteen
haltmayer
ham
hamaland
haman
hamann
hamans
hambach
hamelmann
hamelow
hamersen
hames
hämferlich
hamhof
hamhoff
hammer
hämmer
hammerich
hämmerle
hammerschmidt
hammersen
hammerstein
hammes
hampe
hampel
han
hanau
hancomp
handke
handorf
handschuch
handsmann
hane
haneborn
hanewinkel
hanf
hanhof
hankamp
hanke
hanko
hann
hanneke
hannelore
hannig
hans
hansch
hänsel
hansen
hanses
hansjürgens
hanssen
häntschel
hantzaras
hanwacker
hapig
harb
harberts
harboe
hardeler
hardinghaus
hardissen
harff
harich
harmens
harms
harrems
harrer
harringa
harsings
härtel
hartelstein
hartenstein
hartig
hartmann
hartnack
härtrich
harttman
hartung
hartwig
harzgau
hase
haselbach
haselwanter
hasenbalg
hasenfues
hasenkamp
haskamp
hass
hasselhop
hassler
hastenrath
hatheyer
hatscher
haubach
hauck
haucke
haudenschild
hauke
hauling
haumer
haunert
hauperth
haupman
haupt
hauptfleisch
hauschild
hausdorf
hauser
häuser
hauteville
hautzeneder
hauzeneder
haverkamp
hay
hayen
haykes
heather
hebel
hebestreit
hech
hechler
hecht
hechter
heck
heckel
hecker
hecking
heckmann
hector
hedderich
hedesheim
heecke
heep
heer
heerse
heeß
hefke
hefner
heftrich
hege
hegemann
hegers
hehn
heid
heide
heidemann
heidenbluth
heidenreich
heidenrich
heider
heiderich
heidge
heidgerdes
heidich
heidmann
heidrich
heier
heihoff
heil
heiliger
heilmann
heimann
heimbach
heimeken
heimking
hein
hein
heine
heinen
heinisch
heinkel
heinrich
heinrichs
heins
heinsberg
heintze
heintzen
heinz
heinze
heinzle
heipke
heise
heiselhusen
heisler
heismann
heister
heit
heitel
heitell
heitge
heitgerdes
heitgers
heithauß
heitkamp
heitmann
helbock
heldevier
heldewier
helermann
helfenstein
helle
helling
hellmann
hellweg
hellwig
helm
helmers
helmershäuser
helmes
helmesmeyer
helmig
helmings
helmsing
helmstadt
helmstatt
helringer
helt
helteren
heltner
helwing
hemberger
hemerlin
hemmel
hemmes
hemminghaus
hencke
henckel
henckemeyer
hencken
hendricksen
hengersbach
hengesbach
hengsbach
hengsberger
henike
henke
henkel
henkelmann
henken
henkenmeyer
henn
henne
henneberg
henneböhle
hennegau
hennemeier
hennes
hennig
henning
henrich
henrichmann
henrichs
henschel
hense
hensel
henseling
hensen
hensmann
hentsch
hentschel
hentze
henze
hepp
hepprich
herbers
herbig
herbolte
herbort
herbron
herbst
herburger
herchenhain
herchenhayn
herden
herderinck
heren
herena
hergetin
herman
hermanhusen
hermann
hermans
hermbürger
hermeling
hermes
hermig
herner
herpin
herr
herre
herrera
herring
herrlich
herrmann
herschelmann
herschmann
hertel
herting
hertzing
hertzingh
hertzog
hervilly
herwig
herz
herzig
herzog
heshing
heß
hesse
hessing
heßler
hettermann
hettingen
hettinger
hetzink
heubert
heubschmann
heuer
heukamp
heumann
heun
heunberg
heunburg
heuveldop
hewele
hewelt
heydebreck
heyder
heydrich
heyen
heying
heym
heymer
heymeyer
heyn
heytell
hibscha
hickmann
hienering
hientzsch
hilbers
hilbert
hilbich
hildebrand
hildebrandt
hilden
hildrizhausen
hilgefort
hilgenhövel
hilgert
hill
hille
hillebrand
hillemeyer
hillenhinrichs
hilleringmann
hillermann
hilling
hillmann
hilmer
hilpert
hilscher
himmel
himmelrath
himmelsbach
hinck
hinderinck
hinderks
hindricks
hindriks
hinering
hinken
hinrichen
hinrichs
hinsberger
hinsche
hintermayer
hintermeier
hinz
hinzmann
hions
hipken
hipsch
hirn
hirrlingen
hirschberg
hirschfelder
hirt
hirte
hirtl
hirvonen
hirzbach
hitschfeld
hittenmiller
hitzfeld
hjorth
höbbe
hobbold
hobday
hoberg
hoch
hochaltingen
hochbrücke
hochstaden
hochstätten
hocker
höcker
höckers
höckershilvers
höddinghaus
hodt
hoefingen
hoek
hoenighaus
hoenkamp
hof
hofacker
höfel
hofer
höfer
hoff
hoffham
hoffke
hoffmann
hofham
höfle
hofmahn
hofmann
hofmeister
hofrogge
hofschulz
hofschwelle
hofstetter
hogan
hogg
hogrebe
hohaus
hoheneck
hohenems
hohenlohe
hohenloheweik
hohenstaufen
hohenstein
hohenthal
hohl
höhn
hohnberg
höhndorf
höhne
höhnel
hohnhorst
hohnzollern
hoins
hoja
hölbe
holenstein
holgersen
höll
holland
höllebrand
hollen
hollenstein
hollink
hollm
hollnau
hollstein
holm
holscher
hölscher
holst
holstein
holt
holtebuer
hölterhoff
holthaus
holtkamp
holtkötter
holtmann
holtschulte
holtz
holtze
höltzenbein
holtzer
holtzmann
holubus
holzer
hölzer
holzhausen
hölzl
hömann
homma
hommel
hommes
hompel
honcomp
honecker
hönemann
höner
honert
hönighaus
honkamp
honkomp
honkompf
honnschuh
honscha
honsia
honstein
hoopmann
hoops
hopen
hopf
hopferau
höpfner
höping
hopmann
hoppe
hoppenstedt
hoppman
hoppstock
höring
hörle
horn
hornbaker
horneck
hornemann
hornischer
hornschuh
hornung
hornworst
horras
horst
horstmann
hoschka
hosgau
hoßler
hostaden
hoth
hötzel
hötzl
houdelette
houston
höwer
hoya
huber
hüberger
hubertus
hübner
hübschmann
hucht
huckfeld
hudy
huelse
hueners
huerbel
huesing
huesmann
huettemann
hufford
hufnagel
hughes
hughson
huhn
hühn
huhs
huismann
huißgen
hülkmann
hulsmann
hülsmann
humbracht
hummel
humpeler
humphrey
hunkump
hunold
hunt
huntingdon
hunzelmann
hupe
hupfeld
hüppe
huppes
hupping
hürter
hurtienne
hurwitz
hüser
hüsing
huß
hüster
hustert
hustet
hut
hútin
hütner
hutter
huttunen
hüvet
huysen
hviid
hvitsten
ibach
ibanschitz
ifland
ihle
illeraichen
illner
im
immeken
immel
in
ingelheim
inselmann
intyre
intzelmann
ippelborn
ippelbrunn
irgang
irlenbusch
irlinger
isaac
isaksen
iseken
isekenmeier
isele
isenberg
isenbort
isenburg
isinck
ißelstein
istrien
italien
ittera
ittmann
iversen
ivrea
jabusch
jackob
jackstaedt
jacob
jacobi
jacobs
jacobsen
jaeger
jager
jäger
jagilski
jagta
jahn
jamnitz
jannen
janner
janning
jannink
janosch
janowski
jans
jansen
janßen
janssen
jantzen
jargau
jasiura
jaske
jasken
jasper
jauk
jaworski
jeancollin
jecht
jeetze
jellesma
jemgum
jennerwein
jensen
jenses
jenside
jepsen
jerie
jeschek
jeschke
jessel
jestädt
jettingen
jeziorowski
jilek
jo
joachim
jobig
jobmann
jobst
jochem
jochen
jochmann
jochum
jöerling
jögers
johann
johanns
johannsen
johansen
john
johnsen
johst
joigny
jonas
jonischkeit
joos
jordan
jordanland
jordanni
jordans
jorgensen
jörgensen
jörling
jossevel
josten
jostmeyer
joye
jr
juchem
juchmes
jülich
julig
junckes
jung
jüng
jungdurst
junger
jüngere
junges
jungk
jungmann
jüngst
junker
jüpsien
jürgenhake
jürgens
jurgensmeyer
jürgensmeyer
jurkovic
jurleit
jürrens
jüssen
just
justino
jüttner
juul
juurling
jüürling
kach
kaemena
kaemper
kaergel
kaeter
käfer
käfernburg
kägel
kageneck
kahl
kahle
kahlenberg
kahler
kähler
kählerin
kahlert
kahrel
kahrels
kahrs
kaiser
kaisler
kakosky
kalenberg
kaleta
kalinowsky
kalisch
kalkmann
kallenbach
kallert
kalmer
kalsmont
kaltenbach
kaltenbacher
kalthoff
kalthoffers
kaltner
kalweit
kämmer
kämmerer
kamp
kampe
kampes
kämpfer
kamphaus
kandl
kane
kannengeter
kansy
karalus
karanitsch
karbaum
kardas
karels
karnatz
karnitzschky
karnowski
kärnten
karpf
karrenberg
karst
kartenbreer
karuhn
kasch
käseberg
kasper
kasten
kastner
kater
katers
katharina
kathe
kattein
kattenbreer
katzenelnbogen
kaubke
kauffberg
kaufhold
kaufmann
kaufmanns
kaufmans
kaul
kaup
kaus
kausch
kauss
kautz
kawelke
kaymeyer
kayser
keck
keckeis
keeven
keffner
kefsin
kegel
keibel
keil
keilhauer
keilholz
kein
keite
keitel
keith
kell
kellenberg
keller
kellner
kelterbaum
kemlin
kemp
kempel
kemper
kempers
kempf
kenkel
kentling
kerber
kerkdorp
kerkhof
kerkhoff
kern
kerner
kerstiens
kersting
keßler
kessler
kestering
ketels
ketting
keuhs
keul
keull
keuss
keuter
keuthan
keuthen
keuts
keutz
keyl
khevenhüller
kiaer
kiefer
kiehn
kielinski
kiely
kiemeyer
kienreich
kies
kieseler
kieselhorst
kieser
kiess
kiesslich
kiew
kilchberg
kilians
kilpatrick
kimpel
kinder
kindergan
kindermann
kindler
kinsky
kiorpes
kiphard
kipshagen
kirburg
kirch
kirchberg
kirchhoff
kirchner
kirchoff
kirnant
kirsch
kirschbaum
kirsten
kißler
kistemaker
kittlaus
kittlauß
kittleson
kittlitz
kitz
kiwak
klaar
klaasen
klaassen
klages
klaholtz
klahr
klämbt
klammer
klämt
klanke
klante
klar
klatte
klatten
klauber
klauke
klaus
klausing
klauß
kleef
kleemann
kleer
klefisch
kleiber
kleibolte
kleimann
klein
kleine
kleinehr
kleingrewe
kleinhaus
kleinhenn
kleinlöseke
kleinpafs
kleinschmidt
kleiß
klemm
klemme
klemmer
klemmin
klempert
klemt
klenke
klenner
klennsen
klenz
klessinger
klett
klettke
kley
kleybold
kleyboldt
kliegel
klier
klimczuk
klinck
klincke
kling
klinge
klingelhöfer
klingen
klingenborg
klingenburg
klinger
klink
klinke
klinker
klipp
klitsch
klocken
klockenkemper
klokke
klopin
kloppenborg
kloppenburg
klos
klose
kloss
klostermann
kloth
klötzer
klöver
kluefer
kluesing
kluever
klug
kluger
klump
klümpel
klüner
kluthe
knabe
knack
knappe
knauer
knebel
knecht
knechts
knelange
knetsch
kneuper
knickenberg
knickmeier
knie
knieper
knittel
knobbe
knobelsdorf
knochen
knockenhauer
knod
knoll
knöll
knollmann
knölmann
knöper
knopp
knospe
knott
knueppel
knülle
knünz
knüttel
kober
kobern
kobiela
kobiella
kobitzki
koblischke
kobrock
koch
kochalin
kochhan
köchlers
kock
kocks
koddenberg
kodinghaus
koe
koehler
koehn
koehnen
koehnsen
koenemann
koenig
koerdt
koermeier
koersmeyer
koetter
koewius
köfler
kogelegg
kohers
kohl
kohle
köhler
kohlmeyer
kohlreuter
köhn
köhne
kohnen
kohonta
kohorst
kohrs
kok
kolata
kolb
kolbe
kolbeck
kolenc
koler
kolessa
kolff
kollas
kölner
kolowrat
kolz
komfaß
komnenos
könen
kongehl
könig
königs
konstantinopel
koop
köper
köpke
kopmann
köppe
kopriva
kopsch
korb
körber
korbicki
korbitzki
korell
korff
korglin
korkmaz
körner
kornmajer
korreck
körsch
korsen
korte
korten
kortenbreer
kortmann
korzyk
koschel
koslowska
kosstal
kost
kostendieck
koster
köster
kösters
kötenbörger
kötenbürger
kotha
kothan
kothe
kothen
köthenburger
köthenbürger
kottenbrock
kottenheim
kotteusch
kotthain
kotthaus
kottmann
kottulinsky
kottwitz
kowalczyk
kowalski
kraemer
kraetsch
krafft
kraft
krahnert
kraimer
krain
krainz
krakau
krake
krakowsky
kram
kramer
krämer
kramm
kranefeldt
kranz
kratschmer
kratz
kratzenstein
kraus
krause
krauser
krauß
krausser
kraut
krawatzki
kray
krebs
krech
krechkeller
krefft
kreft
kregel
kregler
kreibaum
kreibohm
kreibom
kreil
kreiner
kreis
kreisel
kreissel
kreißell
kreitz
kreiz
krekeler
krell
kremel
kremer
kreml
kremmel
kreppel
kreschke
kreß
kress
kressel
kretschmann
kretschmer
kretz
kreuder
kreutz
kreuz
kreuzfeld
kreuzfeldt
kreyckelbeck
kreyenborg
kreysel
kreyss
kribben
krieg
kriegesmann
kriegsmann
krien
kriesmann
krings
krismanek
kriß
kroatien
kröger
krogh
krögler
krogmann
krole
kroll
krome
kronburg
krone
krop
kropp
kroppe
krosigk
krötzer
kroupa
krücke
krucken
kruese
kruesen
krug
krügel
kruger
krüger
krügern
kruken
krüler
krullen
krumlinde
krumm
krumme
krümpelmann
kruner
krüper
kruschel
kruse
krutten
krutwig
krygl
krysmanski
kube
kubica
kubicin
kuby
kuchnowski
kuefer
kueffer
kuehn
kuehne
kuehner
kues
kuesel
küfner
kugler
kuhlbach
kühlem
kuhlemeiers
kühlke
kuhlmai
kühlmann
kuhlmei
kuhn
kühn
kühner
kuhnert
kühnlenz
kuhpietz
kujawski
kükelheim
kükelmann
kulawik
kulcke
kuldau
kulken
kulling
kultau
kummer
kunert
küni
künnemann
kunstmann
kuntze
kunz
kunze
kunzmann
küphardt
kuppermüller
kure
kurth
kurthin
kurz
kurzawa
kurzawe
kurzawski
kuska
kusserow
kußner
küsterarent
küthe
kutscher
kutschera
kutschewki
kveton
kwast
kyburg
kyr
kyrburg
l
laage
laars
lachen
lächler
lachmann
lachmund
lackmann
lacroix
lademann
ladwig
laers
laerum
laessing
lage
lager
lagrain
lahngau
lahnstein
lahr
lahrs
lainner
lajenesse
lajeunesse
lakemeyer
lambers
lambert
lambertz
lamby
lamertmann
lamm
lammer
lammerding
lammermann
lammers
lammertmann
lampersbach
lampert
lamster
lancia
landesherr
landfried
landsberg
landschoof
lang
lange
langeloh
langemeyer
langen
langenau
langendoerfer
langendorf
langenkamp
langer
langeritz
langhede
langhoff
langin
langmarck
langner
langnickel
langsch
lannoy
lantzing
lanzing
laoust
laplace
larissa
larsen
lasarewski
läsche
lascheit
laschtowitz
lasinger
lassbacher
lassen
lasser
last
lattasch
latterich
lattermann
latz
lau
laubenberg
lauber
laubuhr
laudolf
laue
lauen
lauer
lauf
laufen
laufenberg
laufer
launoy
launspach
lauremburg
laurenburg
lausen
laut
lauten
lauter
lauterbach
lauth
lautrup
lauttern
lauvenberg
laux
laveau
lavina
lawo
lawrenz
lebbin
leblanc
lebrenz
lechsgemünd
lechtenberg
lechtenböhmer
leclaire
leder
ledoux
lee
lefevre
legassy
legsdon
lehbrink
lehlmacher
lehmacher
lehmann
lehmden
lehnen
lehnerts
lehr
leib
leichtmann
leiffer
leifsau
leihsing
leinhard
leiningen
leis
leismann
leißau
leitner
leja
lellich
lembden
lemche
lemcke
lemke
lemos
lender
lengeling
lenister
lenn
lenneper
lens
lentz
lentzen
lenz
lenze
lenzen
leon
leonhardt
leonrod
lepke
leppelt
lerch
lerchenfeld
lersch
leryc
leske
lessenich
lessmann
lettermann
leubach
leuchtenberg
leukefeld
leutenrode
leuven
leverentz
lewandowska
lewedey
lewenstein
lewinski
lexa
ley
leydecker
leyen
leyendecker
leyh
leyman
leymann
lezelter
liagre
liaune
libberz
lich
licht
lichtenauer
lichtenberg
liebald
liebenstein
lieber
liebheit
liebich
liebig
liebroth
liebs
lieg
liems
lieneke
lienink
lieth
lilienthal
lillmann
lim
limbach
limberg
limburg
limener
linck
linckens
linde
lindeberger
lindeman
lindemann
linden
lindenschmidt
lindenstruth
linder
lindhorn
lindhorst
lindlar
lindner
lindow
ling
lingenover
linhoff
linig
linke
linnartz
linneberger
linneborn
linnebrink
linnenbach
linnenbrink
linnenstruth
linnenweber
linnestruth
linnet
linnhoff
linnig
linster
lintel
linzner
lipmann
lipp
lippe
lippmann
lippold
lips
lischke
lisson
list
litauen
litz
lobbenmeier
lobdeburg
lobkowitz
loccum
loch
lochen
löcke
locker
löcker
loder
loeffler
loevken
loffenauwe
löfstedt
lögering
lohahn
lohman
lohmann
lohmer
lohn
lohr
löhr
loire
loissing
lölfer
loman
lombardo
lona
longueval
longwy
look
loos
looz
löpers
lorentzen
lorenz
lorenzen
lorig
lörincz
loringa
löschen
löseke
lösenich
lösiken
löst
lötfering
loth
lothmann
lothringen
lotte
lottersberg
lottmann
lotze
louffenawe
lourdes
louw
louwens
lovenberg
löwe
löwen
löwenbrück
löwenstein
lübbecke
lubbers
lübbers
lübbert
lübeck
lübken
lubow
luchs
lucht
luchtel
lüchtemeier
lücke
lückel
lückert
lückhausen
lücking
lückmann
lüders
lüdtke
ludwig
ludwigs
lueblos
lueken
luens
lüer
luger
lügken
lugt
luise
luitgarde
luitjens
lukan
luken
lüken
lukonska
lukowitsch
lülff
lülstorf
lülstorff
lulstorp
lummer
lüne
lünig
lunincks
lupolz
lupp
lusignon
lüthje
lütke
lütkewitte
lüttin
luttman
lützen
lützenkirchen
lutzenrad
lux
luxemburg
lymbach
maack
maak
maas
maasjost
maasmeyer
maass
macdonald
machetanz
machtanz
maciejewska
macke
mackels
mackenberg
mackowiak
maclachlan
macon
maczyczyk
mader
mag
magdalena
magdeburg
magenbuch
magersuppe
magh
magnet
magnus
magnusson
mahieu
mähl
mahn
mähren
mahs
mahsmeyer
mai
maier
mail
mailaender
mailaisé
maillefert
maine
maitre
malachowsky
malapert
malbrang
malek
malik
malkmus
mallory
mallstein
malone
malz
mamming
managottera
mandel
manderscheid
manis
mann
mannen
mannena
manneville
mannheim
mannsfelder
mansfeld
manslagt
manteuffel
mantulich
manuel
mappes
marbach
marc
marck
marckmann
marek
mareschal
maria
mariante
marichal
marin
mark
markquardsen
marks
markus
markwardt
markwart
marle
marly
marold
maron
marquard
marquardt
marquart
marsal
marschall
marschelke
marszalkowski
martell
martens
martha
martin
martinelly
martini
martins
marx
marxen
marzalek
marzli
maselkiewicz
masi
maske
mason
masowien
maßem
massner
massun
mast
matern
materne
mathes
mathiebe
mathis
mathlage
matsch
matt
mattenklodt
mattes
matthäus
matthias
matthieses
mattsson
matusczak
matuszczyk
matysiak
matz
matzenauer
matzes
matzke
mätzold
mau
mauch
maucher
mauel
maul
mauregnault
maurer
mäurer
maurienne
maus
mausolf
mauss
may
mayer
mayr
maywald
mcbrady
mccall
mcconnel
mcdonnel
mcgrath
mcintyre
mcnally
mcquade
mcsorley
meckema
meckena
meckenheim
mecklenburg
meemann
meermann
meermeier
meermeyer
meese
mehlau
mehlhop
mehlhorn
mehlsack
meidt
meier
meiering
meiers
meiert
meinbrock
meinecke
meinhardt
meinke
meinold
meiqner
meisberger
meisch
meiser
meislitzer
meiss
meissen
meißner
meit
meitz
meixner
melchers
melchiors
melhage
melzenhausen
memmen
memmering
mencke
mencken
mende
mengel
menger
menkaus
menke
menken
menne
menneken
mennemeyer
mennen
mensen
mentel
mentrup
mentz
mentzingen
menzel
meranien
mercier
merenberg
merfels
mergen
mergens
merger
merk
merkenberg
merode
merscher
merseburg
mersmann
merten
mertens
mertz
meschede
mescher
mesllin
mespelbrunn
mestenkeyl
metscher
metternich
metz
metzendorf
metzgau
metzinger
metzler
meuer
meulenstege
meurer
meusburger
meussel
mevers
mewes
mey
meyer
meyerdirks
meyering
meyerink
meyers
meyhoffener
meyman
meynerking
meyring
meys
meysinger
meyssner
mezger
mias
michael
michaelis
michaels
michels
michelsen
mick
micke
miczka
middendorf
miehlen
mielke
mießler
mihatsch
milchsack
millerleili
millnitz
milo
milte
milville
minckenberg
minego
minnesköld
minsk
mintert
miosga
mirande
mischke
mitschke
mitteldorf
mittendorf
mittmann
möbus
moch
mochental
moczigemba
modde
möddel
moe
moehlmann
moehrle
moelering
moeller
moermann
moers
moersdorf
mogensen
mogge
moha
mohaupt
möhle
mohr
mohrer
mohrungen
molique
mollatz
mollensteege
möllensteege
mollenstege
möller
mollers
möllers
möllmeyer
molthan
mömpelgard
monk
monniges
monrad
monrath
monreal
monschau
monse
monße
mönsted
montabaur
montauban
montbéliard
montfaucon
montfort
montpellier
moor
moore
moormann
moosbrugger
moosmann
morais
mordhorsten
möre
moreno
morg
morgenroth
morgner
morgnerin
morita
moritz
moritzen
mormann
moroldishusen
mörsberg
morscher
morultshusen
mosch
moschner
moser
möser
most
motter
motz
mouchy
mousson
mrutzel
mudd
muegge
muehlenforts
mueller
muellers
muench
mues
muggenthal
mühlberg
mühlbergen
mühlenmeyer
muhlenthiell
mühlsteph
muhr
mühren
mulhern
müllenark
muller
müller
müllerin
müllich
mumedey
mün
münch
munich
munk
münster
münstermann
muser
musgrove
musialskich
musmacher
mutchler
muth
mutter
myrach
n
naber
nacke
nadermann
nadine
nadolny
naegeli
nag
nagel
nagelschmied
naier
nally
name
namur
nannen
naparell
narjes
nartker
näser
naß
nassau
nasse
natebrede
naterer
nathan
nau
nauroten
navarra
nazifllari
neander
neapel
neddermeyer
nee
neel
neermoor
neesen
nehls
nehmer
nehs
neirynen
neisecke
neiß
neiss
neissert
nelle
nellmann
nepros
nerrlich
nesse
nestler
nestmann
nettig
nettsträter
neu
neudecker
neuefeind
neuenahr
neuenbaumberg
neuenburg
neuendorf
neuenstein
neuerburg
neuf
neufchatel
neuffen
neugebauer
neugeborn
neuhaus
neuhausen
neuhaußen
neukirch
neumann
neumeyer
neutzler
neuwald
nevers
newenheim
newkirk
newsome
neymann
nibbexen
nickel
nickenig
nicklass
nicklaus
nicoel
nicolai
nicolay
nieberding
niebling
nieder
niedere
niederheesten
niederlausitz
niederlin
niederlothringen
niedermann
niedermeier
niedersalm
niehaus
niehoff
niehues
niehuess
nieland
nieländer
nielsen
niemann
nienhaus
nierad
nies
niessen
nieswand
nietsche
nietzschmann
niewald
niez
niggemann
niggemeyer
niggestick
nimay
nimbs
nina
nink
niskey
nitsche
nn
noack
nöcker
nockin
noel
noermann
nofen
nohberg
nolden
noldus
noll
nolte
nolten
nones
nonn
nonne
nordhus
nordiek
nordmark
nordmeyer
normandie
northeim
northof
northoff
noss
noto
nottorf
notzing
noven
nowack
nowak
nowgorod
nueß
nürn
nüse
nußberger
nutz
obendrauf
oberes
oberlothringen
oberndorff
obernhausen
obersalm
oberstein
obeser
obrist
obry
obst
ocklitz
odenkirchen
odyk
oeckel
oehlert
oelschner
oelsner
oembler
oenbring
oenbrink
oeren
oertgen
oesbeck
oestermann
oetjen
oettgen
oettingen
ofner
ohlberg
ohlmann
ohm
ohnesorge
ohnsorge
ohrenschall
ohrlandt
oisdiek
oistdiek
oisten
olberding
olbrecht
olbrich
oldenburg
olejniczak
olejnieczak
olesen
oliveira
ollech
ollendiek
olm
olschewski
olsen
oltmanns
omapauline
omer
onken
opitz
oppermann
oppitz
orbe
orbke
ordeneck
ording
orla
orlamünde
orniak
orsini
ort
ortenburg
oskar
osmers
ossolon
oßweil
ost
ostdeich
ostdiek
ostendorf
oster
osterburg
osterhorstmann
osterhusen
osterloh
ostermann
osterwald
ostmann
oswald
ott
otte
otten
ottens
otting
otto
otzen
ouren
overath
overmeyer
ow
oxfeldt
p
paasch
paaske
pabel
pachaeli
pacyna
paderson
paduch
padur
pagner
paiser
paisy
paitzen
palant
pälcher
pall
palow
palusinski
palzer
panek
panhorst
pankatz
pankoke
panten
panter
panther
pappenheim
parbs
paris
parker
parroy
parvus
paschke
pascu
pasler
past
pätgen
patheiger
pätschen
patten
pauer
paul
pauli
pauls
paulsen
paulus
pavlyßy
pawellek
pawlitschek
paxmann
pech
pechacek
pedden
pedersdatter
pegnitz
pehafka
pehlert
peichnigen
peicker
peiker
peilstein
peintner
peissert
peitner
pellens
peltz
pelzer
pennekamp
penthievre
pentzin
perche
pere
perl
perrault
perrein
perscheid
pesarra
peschel
peschke
peschl
peter
petermann
peters
petersen
petersiek
petersilie
peterson
peträus
petruschke
petry
petsch
pettendorf
petz
peuker
pfalz
pfandke
pfannberg
pfanner
pfau
pfefel
pfeffer
pfeiffer
pfirt
pfitzenmaier
pfitzner
pflüger
pfohl
pfort
pfrötner
pfuhlkötter
pfullendorf
pfullingen
phul
phyllis
pia
piangers
picart
pichi
pick
pickhard
pickron
picquigny
piechottka
piefke
pielsticker
piepenbrock
pieper
piepkorn
piepmeyer
pieroth
pietsch
pietzke
pilger
pilgrim
pill
pineda
pingel
pinky
pinnegger
pinter
pionk
pionke
piontek
piper
pipka
pippe
pirner
piro
pischon
pistor
pistorius
pitscher
pitz
piva
place
plachetzki
plack
plain
plambeck
plank
plantagenet
plantz
plaschke
plate
plathe
plehn
pleines
plenge
plengen
pleße
pletz
pliberschnig
pliner
plitt
plock
ploetz
plöger
plötzkau
plümer
pochwitz
pockin
pocklitz
poelling
poggemann
pohl
pohle
pöhler
pohlmann
poitou
polaco
polen
poll
pollak
polle
pölling
pollmeyer
pollmüller
polly
polotzk
pommer
pommern
pomp
ponath
ponsar
pontzla
popp
poppeck
poppinga
pörsel
porten
portzen
pöschel
posczich
posen
posse
posselt
pössner
post
postel
postupack
pötsch
potschien
pourra
powilleit
prachthäuser
prachtheuser
pradler
prange
prante
praßberg
prause
prautsch
prautzsch
pre
preik
prein
preisse
preißler
preissler
prescher
preteblau
pretsch
preuss
pries
prieß
prinke
printz
prinz
pritz
pröbsting
prokesch
prokupek
proßnigg
prothe
provence
pruin
prüllage
prünte
prusseit
pruszowski
przemysl
pschimpa
puck
puggaard
puhl
pulach
puls
pulst
punk
pürkner
purrmann
pursche
purtscher
pusch
püschel
puschkeit
pütter
püttlingen
putz
pütz
pützer
putzker
pyo
quade
quaden
quadt
quant
queckbörner
queisser
queitsch
quentin
quer
querfurt
querüber
quint
quinten
quittmann
quoth
quotteusch
r
raabe
raaf
raatz
rabe
rabeler
rache
rachner
rachow
rack
rackwitz
raddatz
rademacher
radermecker
raders
radl
radloff
radtke
raebiger
raehmel
rafter
ragge
rahe
rahner
raht
railey
raitzsch
rakowski
ramelow
rameru
ramler
rampe
rampelmann
ramsberg
randeck
ranenfeldt
ränisch
rappe
rapperswil
rappoltstein
rapsius
rasch
raschdorf
rasche
rasel
rasmussen
raßel
rath
rathmann
rathsamshausen
rathsmann
rätz
rätze
ratzeburg
ratzenried
rauber
rauch
rauchhaupt
raudabaugh
raudonis
raudszus
rauen
raues
raunau
rausch
rave
ravensberg
ravia
ravit
rebben
rebensburg
reber
rebiky
rebour
rech
rechberg
rechtenstein
recken
recker
reckers
recktenwald
recüve
redder
redemann
reemd
reempts
reents
reese
regel
regenhard
regensburg
reget
rehder
rehlardt
reibling
reich
reichardt
reichel
reichwald
reidelshöfer
reif
reiffenberg
reifferscheid
reifferscheidt
reigber
reiher
reiiken
reilard
reim
reimann
reimer
reimeringer
reimers
reinders
reindl
reinecke
reineke
reinemeyer
reiner
reinhardt
reinhausen
reinhold
reinholt
reinholz
reinking
reis
reisdorf
reisdorfer
reit
reitemeier
reiter
reitmann
reitze
reitzig
reker
relardt
reller
rellermann
reminghorst
remmert
remmighausen
rempe
rempen
remy
rencken
renger
renken
renneke
rennes
renschhausen
resen
resimius
resteau
rethel
retig
retter
retterath
rettich
rettke
retzlaff
reuber
reuken
reuland
reuschen
reushausen
reusing
reuss
reuter
reuther
revermann
reyher
reyländer
reymann
rhaude
rhein
rheineck
rheinfelden
rhens
rho
rhode
rhoden
rhott
riasan
richartz
richter
richters
rick
rickelinck
rickeling
ricken
ricker
rickermann
rickin
rickling
rickmann
ridder
riebesehl
riebesell
rieckeling
rieckiert
riedel
riedheim
riedl
riedler
riedlin
riedmann
riedt
riefsell
riekehr
riekeling
riekends
riekhoff
rielau
riem
riemann
riemenschneider
rieneck
riepe
riepenhoff
riepers
riesner
rieß
riess
riesselmann
riester
rietberg
rietheim
rietmann
rieu
riffer
rigaldies
riha
rihm
riise
rimain
rimpler
ringleben
rippert
rische
risner
risow
riße
risse
rissen
risser
rissmann
rißner
rissner
ritter
ritterbach
rittersdorf
rittmeister
rittner
ritzen
rizell
röbbeling
robdrup
roberti
robke
rodehuth
roden
röder
röderin
rodgers
rodigas
rodosel
roeder
roehling
roehr
roehrs
roelfs
roelver
roemer
roenbeck
roets
roetzel
rogé
roger
rogers
rogge
roggen
roggenbick
rohde
rohden
rohe
rohep
rohleder
rohleschke
rohlfs
rohling
röhling
rohlings
rohm
röhnisch
röhr
rohrbach
röhrding
röhren
röhrich
röhrig
rohs
rohsbeck
rol
roldan
rolf
rolfes
rolin
roling
röling
rolink
rolle
rollier
roloff
röm
romagnoli
roman
römer
romundt
rönisch
rönnebrink
ronsberg
roo
roode
roofe
roohen
rooney
röper
ropers
röpke
roquette
rören
rosar
röscher
röschert
rose
rosen
rosenau
rosenbach
rosenberg
rosenbrock
rosenbuck
rosenmayer
rosenmayr
rosenstein
rosenthal
rosentritt
röser
rosina
rösner
rößeler
rosskam
rosskoss
rößler
roßmann
rossow
roßtäuscher
rost
röst
rostalski
rot
roter
roth
rothe
röthen
rother
rothgerber
röthig
rotowski
rotter
röttger
rottinghaus
rottmann
rötz
rötzmeyer
roubos
roucy
rouergue
roullier
rowold
roy
roybeide
rozek
rozumek
rubarth
rubatscher
rubel
ruberth
rubio
ruck
rücker
rückert
rückriem
rudendorf
ruder
rüdersshauser
rüdesheim
rüdiger
rudolf
rudolph
rudolphi
rueda
rüenklau
rueppur
rüffer
rügen
ruhenstroth
ruholl
ruloff
rummel
rumpel
rümpler
rumpsel
rumsel
rundle
runge
runkel
ruoff
rupkers
ruppelt
ruppenthal
rupprecht
ruschmeyer
rüsing
russ
russow
rust
rüster
rusterthrus
rüther
rutsch
rütten
rykena
ryschko
rzalov
saalfeld
saarbrücken
saargau
saarwenden
saatweber
sach
sachau
sachs
sachse
sachsen
sacht
sachtleben
sachtschal
sack
sadoni
saebel
saengerley
saffan
saffenberg
sagner
sahlfeld
sahling
sahner
sailbacher
saint
saldern
salender
salerne
salji
sallen
salm
salmen
salmendingen
salmes
salmon
salz
salzfass
sammelmann
sand
sandbote
sander
sanders
sandmann
sandmeyer
sandri
sandschulte
sandtmeyer
sandtschulte
sandweg
sänger
santos
sarbaugh
sarg
sartorius
sass
sassmann
säuberlich
sauels
sauer
sauerkraut
sauermann
saul
saulus
saurwaldt
sause
savary
savoyen
sayler
sayn
scabel
scabell
scala
scali
scarlett
scgiester
sch
schabeutz
schack
schad
schadenweiler
schaeckenbach
schaefer
schaefers
schaeffer
schaefferin
schäfer
schäferberend
schäferberent
schäfermeier
schäfermeyer
schäfers
schali
schallert
schaly
schamicke
schanke
schankhaas
schanzel
schäpermeier
schard
schardt
scharf
scharff
scharpenberg
schartmann
schärzgens
schattenberg
schaubach
schäuble
schauenburg
schaunberg
schaus
schebeck
schedel
schedler
schedtler
scheel
scheele
scheer
schefer
schefers
scheffer
scheffke
scheffknecht
scheid
scheide
scheidemantel
scheider
scheidt
scheier
scheiff
scheiffer
scheiffers
scheithauer
schelberg
schelk
schelklingen
schellberg
schellen
schellenberg
scheller
schembde
schemde
schenck
schendel
schenek
schenk
schenkel
schenkin
scheper
scherbring
scherer
scherf
scherges
schermacher
schertler
schetter
schetz
scheuermann
scheufen
scheuven
scheyern
schibeljahr
schieber
schiedeck
schiedermeyer
schiefs
schiel
schiemann
schienen
schiermann
schiffeldingen
schildgen
schildt
schiller
schilling
schilmöller
schimmel
schimpf
schinck
schindler
schippel
schipper
schirmer
schläfer
schlägel
schlagner
schlappich
schlarmann
schlarp
schlauman
schlee
schlegel
schlehofer
schleicher
schleiden
schlemme
schlengemann
schlepper
schlett
schley
schlicht
schlichting
schliderer
schlieper
schlinck
schlingman
schlingmann
schlinkman
schlinkmann
schlitt
schlöderer
schlomer
schloßer
schlosser
schlößer
schlotfeldt
schlumbohm
schlüsselberg
schlüter
schlymer
schmäh
schmale
schmalriem
schmectius
schmedes
schmedissen
schmeling
schmelter
schmelz
schmettau
schmid
schmidmeyer
schmidt
schmidtberger
schmidtzinsky
schmied
schmiedermeyer
schmieding
schmits
schmitt
schmittheim
schmittners
schmitz
schmold
schmückert
schnabel
schnans
schnaut
schneck
schneider
schneiderknab
schneiders
schnell
schnelle
schnellen
schneller
schnepper
schnetzer
schneußen
schniders
schniedermeier
schnieders
schnier
schnitker
schnur
schobel
schöbel
schober
schoch
schockemöhle
schoe
schoen
schoenborn
schoenenberger
schoenhofen
schoenrode
schöherr
scholand
scholandt
scholbe
scholer
scholl
scholte
scholten
scholtz
scholtze
scholz
scholze
schomacher
schomaker
schomakers
schomberg
schomburg
schömer
schommer
schön
schönberg
schönborn
schöne
schöneberg
schönecken
schönemark
schöner
schönfelder
schönhals
schönhalss
schonhoff
schöning
schönlau
schönningmeier
schoo
schoolte
schoop
schöpke
schoppe
schormann
schorr
schösser
schössler
schotte
schottland
schrad
schrader
schräder
schräer
schramm
schreder
schreiber
schreiner
schremps
schrenk
schrewe
schrichten
schröder
schroeder
schroer
schröer
schroeter
schröter
schroth
schründer
schtoelzel
schu
schubart
schubeis
schubert
schuch
schudt
schueler
schuenebusch
schuett
schuetz
schuh
schuhmann
schuk
schuler
schüler
schult
schulte
schulten
schultheis
schultheiß
schultheiss
schultz
schultze
schulz
schulze
schulzin
schumacher
schumann
schumannin
schummer
schumpelt
schünemann
schunk
schuppler
schur
schürbohm
schürenkötter
schurich
schuricht
schürkötter
schurmann
schürmann
schürmeister
schurtz
schüßler
schuster
schusters
schutt
schütt
schütte
schütz
schütze
schwab
schwabe
schwaben
schwam
schwan
schwanck
schwanenberg
schwanke
schwanse
schwantke
schwantz
schwart
schwarte
schwarten
schwartz
schwartze
schwarz
schwarzbach
schwarzburg
schwarzenberg
schwe
schweer
schweinachgau
schweinem
schweinfurt
schweins
schweinsberg
schweiss
schweitzer
schwelcher
schwendinger
schwenkner
schwerdt
schwerer
schwerin
schwertner
schwesinger
schwester
schwiete
schwiettay
schwinn
sears
seba
sebade
sedlak
seebach
seebade
seebohm
seeger
seehuusen
seel
seelenstrang
segebade
segerstrl¯e
segner
seguin
sehnert
seibel
seibering
seiberl
seidel
seidler
seifert
seinsheim
seipelt
seipl
seippel
seitz
seitzen
seliger
selkirk
sell
seller
selsen
semedo
semm
semmel
semrau
senechal
senger
sengerle
seniw
sepmeier
seppmann
serazio
serbien
serraino
seubert
seufard
severin
sewöhner
sexton
seyd
seyda
seydel
sheehan
shenberger
shlesien
sibertz
sickingen
sidenius
sidonia
siebe
sieberath
siebert
siedenbühl
sieg
siege
siegel
siegen
siegfart
siegle
sieke
siemer
sienkamp
sienknecht
siepen
sierts
siessen
sieve
sieverding
sievers
sievert
siggemeier
siggrön
sigismundi
sigmaringen
siktleg
silies
silließ
silva
simmer
simoes
simon
simonsmeier
sindermann
sines
singsank
sinne
sinner
sinzel
siweke
sizilien
sjurts
skott
skov
skrabak
skrabl
skreiner
slaba
slaby
slazyk
slimers
slomer
slosarek
slym
smete
smit
smith
snarre
sobbe
sochart
sody
soemer
sohm
söhnchen
sohne
soiftratnat
soissons
solberg
sold
solie
sollmann
solms
sommer
sommerschenburg
sonderegger
sonn
sönniksen
sörensen
sorley
sourdeau
souza
sowa
soyaux
spaarmann
spalding
span
spandler
spangenberg
spaniol
spanka
spanke
spartz
spears
speckhardt
speckmann
speer
speicher
spelterholz
spengler
spenner
sperandio
sperger
sperling
sperr
speth
spetmann
speyer
spiegel
spiegelberg
spielmann
spies
spieß
spiess
spina
spindler
spiychala
splett
spoden
spoleto
sponheim
sporck
sporckmeyer
spörl
sporn
sprakalag
spreckmann
spreng
sprengel
sprenger
sprinck
springer
sprink
spyker
squedein
sritong
staacke
stäblein
stade
stadelmayer
stadion
staffenhagen
stahl
stahler
stahlschmidt
stahr
stähr
stain
stake
stalschmitt
stalter
stamer
stammeier
stange
stapelage
stapelfeldt
stappert
star
stäritz
starke
staschik
staub
staudt
stauffenb
stauffenberg
steckmann
steenblock
steengrove
stefansen
steffen
steffens
steffensmeier
steffensmeyer
stegemann
steggal
stegge
steggemann
stehling
stehr
steidl
stein
steinbach
steinback
steinberg
steineck
steiner
steinert
steinexen
steinhaus
steinhausen
steinhoff
steiniger
steinigk
steininger
steinkallenfels
steinkemper
steinkuhle
steinkuhlen
steinmeier
steinmetz
steinrücke
stejskal
stelte
stelten
stemmer
stender
stengel
stenger
stenzel
stephan
stephani
stephany
stephens
sterck
sterkel
sternenberg
sternfels
stertz
sterz
steußlingen
stevelin
steverding
stibalkowski
stibana
stibolt
sticht
stickler
stiebeiner
stieg
stietz
stig
stigsdotter
stimpel
stimpell
stimper
stingelheim
stingl
stirnberg
stober
stöber
stockebrand
stockebrandsche
stöcker
stockers
stockhausen
stockmann
stodtko
stolberg
stoll
stollberger
stolt
stolte
stoltz
stolze
stömler
stommeler
stömmler
stone
stöpper
storm
stormer
stoß
stöss
stöver
stövesand
stoye
straatmann
strack
stracke
strahlendorf
strait
strake
stralegg
strangmeyer
straßberg
strätker
stratmann
strau
straub
straube
strauch
strauss
strecke
strehl
strehlow
streich
streitberg
streitmatter
strempel
stresow
streubel
strick
strief
strielmann
striet
strittmatter
strobel
ströbele
strodt
stroot
strotjost
strouth
strubich
strübing
struhler
struz
stryd
stub
stubbe
stüber
stübner
stuck
stucke
stückel
stuckert
stuckmann
stuckstedde
studigel
stuermer
stueve
stueven
stuhldreher
stukenberg
stukmann
stumkat
stummeler
stummer
stümmler
stümpel
stumpf
stuntebeck
sturm
sturmfeder
stürwald
stute
stüting
stüwe
sucher
süchting
sucker
südbeck
sudthop
suhm
sulzbach
sulzburg
summer
sunadotter
sündermann
süning
suntheim
supplinburg
surhoffs
surmann
surrey
susa
susanna
susdal
süss
süßmann
sust
sütfeld
suthoff
sutthoff
suylmeiners
svendsen
swane
swennes
sy
sylvester
syring
szailer
szczesnik
t
tachenhausen
tacke
tacken
talheim
talman
tamariz
tammen
tancre
tänzer
taplick
tappe
targè
tarvin
täschner
tatgenhorst
tator
täuber
tauch
taufenbach
tauke
tauschler
tavernier
tebbe
tebben
teck
tecklenburg
tedmann
teegen
teeyssen
tegethof
tegethoff
tegler
teibert
teichert
teichmann
teige
teiner
teismann
teitelroit
telle
teltow
temm
tennhardt
tepe
tepper
terfloth
terges
terkl
terlago
ternes
terrien
tesch
teschmer
tett
teuber
teutsch
teysman
teysmans
teyßman
thaden
thadewald
thal
thannhäuser
tharow
theil
theis
theisen
theiss
theissen
theissing
theus
they
thiant
thiel
thiele
thielen
thielmann
thiem
thiemann
thierberg
thiers
thiery
thies
thieses
thiesing
thiesmeier
thill
thoemen
tholen
thom
thoma
thomae
thomann
thomas
thome
thömmes
thoms
thomsen
thomses
thomüller
thonjus
thonn
thor
thorbecke
thorgilsdatter
thorne
thouars
threinen
thuesen
thülen
thun
thurgau
thüringen
thurow
thysman
tiede
tieke
tiemann
tierberg
tiersch
tietjen
tietjens
tietze
tigges
tilcken
tilemann
tilemeyer
tilken
tillenberg
tillmann
timm
timmann
timme
timmer
timmermeyer
timmers
tirol
tisatto
tischler
titjens
tittel
titze
titzer
tjepken
tlapa
todsen
toedter
tolböl
tolksdorff
tolle
tölle
tomas
tomaszewska
tomforde
tonding
tönges
tonnerre
tönnissen
töpfer
topheide
topp
tor
torras
tosch
totgeburt
tourbier
tovar
träger
trakl
trampert
trap
trapp
trapphoff
trauernicht
traungau
trauttmann
treinen
tremmel
trenkle
trenner
treptin
treseler
treusch
triep
tries
triphaus
trippler
tristant
trocha
trochelmann
trockau
trockenau
troester
troja
troles
tropcourt
trost
tröster
trüber
truchseß
truhendingen
trummer
trump
trüten
tschaut
tschernigow
tschirschnitz
tschirschwitz
tschirssnitz
tübing
tübingen
tuchen
tuchlinski
tude
tuhus
tulke
tumbrägel
tümmel
tünnemann
turenne
turner
turow
türsch
tuscien
tutein
tuteja
twehues
twenhöven
twer
tweyhues
tychsen
tydink
tyman
ubbedissen
ubben
uecker
uesbeck
uetingen
uexkuell
uhde
uhlenkott
uhlhorn
uhlig
uhrban
ulbrich
ulbricht
ull
ullrich
ulm
ulmer
ulrich
ulten
umbusch
umlauf
unbekannt
ungarn
unger
ungrad
unterelsass
untersalm
upende
upmeyer
urach
urbain
urban
urbanek
urbans
urbiola
urmes
urscheler
urschewski
utsic
uttenheim
uwelius
v
väänänen
valentine
valepage
valley
valois
valtin
van
vandieken
varconcellos
varelmann
varembourg
varendorp
varenhorst
värmann
varner
vasbender
vaud
vaudemont
vaz
vedder
veelken
veerfoit
veit
veith
veld
veldenz
velte
velten
veltheim
veltmann
velz
venedey
venendei
venjakob
vennemann
vents
ventschen
verdun
vergara
vergin
verlage
vermandois
vermeiren
verschoor
verschpohl
verwiebe
vesper
vethacke
vetter
vetzer
vianden
vick
vienhage
vienne
vier
vierfus
vierfuß
vierfuss
viergutz
vierscheid
vietor
vill
villain
villig
vilwork
vincentz
vink
virneburg
visconti
vith
vitrin
vitt
vlaanderen
vodts
vodtsmeyer
voelzow
vogel
vogelsang
vogeser
vogt
vohburg
voigd
voigt
voigten
volck
volckmann
volckmar
volekmar
völkel
völkering
volkmar
volkmer
vollbrecht
völler
vollmer
vollrads
vollraths
völmecke
volmer
volmers
volmestein
volpert
vomhof
von
voneiff
voor
voorne
vor
vorberg
vorderwülbecke
vorholt
vormann
vorpoel
vorst
vorstinck
vorwerk
vos
voß
voss
vossebürger
vossen
vossman
votsmeier
votsmeyer
vox
w
waal
wäber
wach
wachendorf
wachholz
wacker
wade
waerckin
waerlich
wag
wagelöhner
wagen
wagener
wagenfeld
wagenführ
wagner
wahl
wahlde
wahlen
wahlers
wahlstab
wahrendorff
wahsenberg
waiblingen
wakub
walbeck
walch
wald
waldbott
waldburg
waldeck
waldek
waldhart
waldheim
waldhuetter
waldkirch
waldmann
waldpode
wallenbrunn
wallenhorst
wallert
wallis
walmeyer
walpode
walrach
walrauch
walsch
walter
waltersdorff
walther
waltrams
wältzel
waltzeten
wambach
wamser
wandhoff
wäning
wanka
ward
wardin
wardinghof
warenne
warnicke
warnke
warntrup
waschee
waschkau
wasewitz
wassenaar
wassenaer
wasserburg
wassman
watzlawik
wauri
wayne
weber
webers
wechsler
wecken
wecker
weckerle
weddige
wedekind
wedemann
wedemhoff
weeg
weffer
wege
wegescheide
weghorst
weghus
weglöhner
wegmann
wegner
wehden
wehingen
wehinger
wehlow
wehn
wehner
wehrum
wehrumb
wehry
wehslink
wehus
weiand
weichardt
weichen
weichhardt
weide
weidemann
weidermann
weidling
weidner
weier
weigand
weigang
weigel
weigt
weihs
weik
weilack
weiland
weiler
weimar
weinboth
weinekötter
weinkum
weinland
weinreich
weirather
weirich
weiricht
weise
weisensee
weiskam
weiß
weiss
weißbrodt
weiße
weitekämper
weitz
weitzberger
weiwel
welcker
welin
wellborn
wellen
wellendorg
welling
wellmann
welp
welter
weltersbach
welti
weltin
welzel
wendel
wendels
wenderoth
wendler
wendt
wenndorf
wenneker
wenniges
wentzel
wenz
wenzel
wenzell
werd
werdenbeck
werdenberg
werdnau
wergin
wering
werl
werle
wermke
werna
wernau
werner
wernitz
wersching
werth
werthebach
wertheim
werther
weschenfelder
wesel
weseloh
wessel
wesseling
wesselink
wesseloh
wessels
wesselsche
wessely
wessenberg
weßling
wessling
westendorf
westerbecke
westerbeek
westerbeke
westerburg
westerhorstmann
westermann
westermeier
westermeyer
westernach
westerode
westerskov
westerstetten
westfranken
westfriesland
westgotland
westhelle
westhoff
westhoven
westhues
westphahl
westphal
westsachsen
wette
wettin
wetz
wetzel
wetzer
weyand
weynandt
weyrich
wheeler
wibbe
wibben
wichern
wichers
wichmand
wichmann
wicke
wickel
widekinds
widmut
widtmahn
widzalsna
wiebets
wiebts
wiechern
wiechers
wiechert
wieck
wieckhorst
wieczoreck
wied
wiedemeyer
wiegge
wiegmann
wiehenhenrich
wiehmeier
wieland
wiemer
wiemken
wien
wiendl
wienecke
wieneke
wieneken
wienholt
wienke
wienstruch
wienstruck
wies
wiese
wiesehues
wiesen
wiesenberg
wiesenhütter
wiesinger
wieskamp
wiesmann
wiest
wietmarschen
wiezer
wiffel
wiggering
wikinger
wil
wilberding
wild
wilde
wildermann
wildermans
wildersinn
wildes
wilhelm
wilke
will
wille
willeke
willeken
willemoes
willems
willenborg
willenbring
willenbrink
willering
william
williams
williken
willikens
willing
willmes
willms
willnau
willy
wilmanns
wilmbockel
wilmes
wilper
wilscheck
wilsecker
wilsman
wilson
wiltz
wilwert
wilwerts
wimmer
winaski
windberg
windrath
wingard
wingensiefen
wingert
winkel
winkelhausen
winkelmann
winkler
winnike
winsauer
winsel
winsinger
winter
winterhoff
wintermann
winterscheid
winzenburg
winzingen
wippich
wirges
wirling
wirth
wirthwein
wische
wischede
wischer
wischhaus
wisker
wisse
wissen
wissener
wißner
wissner
wit
witek
witjenfeld
witt
witte
witteler
wittelsbach
wittemoggen
witten
witter
witteriede
wittfeld
witthem
wittig
witting
wittkamp
wittke
wittmann
witton
wittrock
wittwer
witwe
witzch
witzel
witzke
wo
wobbe
wobben
wohl
wohlen
wohlers
wohlert
wohlgenannt
woitschack
wojciechowska
wojciechowsky
wol
wold
woldering
wolf
wolff
wölffel
wolfgang
wolfhart
wolfram
wolking
wolkringen
woll
wolle
wollf
wollowski
wolter
wolters
wolther
wolvekotte
woodberry
woodli
wördemann
wordmann
worm
wörmeier
worms
worthmann
wörz
wosiack
wowereit
woyte
wozna
wrede
wrobel
wrubel
wrzinski
wu
wübben
wubber
wucherpfennig
wuebbling
wuelfers
wuennecke
wuerth
wufrath
wülbieke
wulf
wulfekotte
wulfekotten
wulfes
wulff
wulfmeier
wulle
wullenkord
wüllner
wulschowitz
wulv
wunderlich
wunram
wünsch
wunstorf
württemberg
wüst
wüstefeld
wuttke
ww
wyartzna
wyeck
wygrala
wyk
xaver
xellert
xhonneux
yolin
ysenhusen
ysinhusen
zabel
zachau
zacher
zachertz
zacherz
zahedi
zahn
zähringen
zamek
zampone
zander
zanelli
zantze
zapp
zawada
zayda
zdun
zech
zehner
zehrer
zeil
zeilinger
zeipper
zeise
zeisig
zeising
zell
zellner
zeltinger
zenses
zentes
zentgraf
zerbe
zerbst
zerhusen
zerzog
zeuß
zewe
zewi
zeyda
ziegenhain
zieler
ziemann
ziemer
zietz
zievel
zimmer
zimmermann
zimmern
zink
zinser
zipperling
zirkel
zobens
zöchlin
zöllig
zopp
zotl
zscharn
zschochin
zu
zuehlke
zugelder
zumbrock
zumfelde
zumsande
zumtobel
zurhorst
zurlohe
züscher
zutphen
zütphen
zwanziger
zwehus
zweibrücken
zweng
zwiefalten
zwieten
zwirschke
zygartovski
zyriacks
